0 verbose cli /usr/bin/node /usr/bin/npm
1 info using npm@9.2.0
2 info using node@v18.19.1
3 timing npm:load:whichnode Completed in 4ms
4 timing config:load:defaults Completed in 8ms
5 timing config:load:file:/usr/share/nodejs/npm/npmrc Completed in 33ms
6 timing config:load:builtin Completed in 33ms
7 timing config:load:cli Completed in 8ms
8 timing config:load:env Completed in 0ms
9 timing config:load:project Completed in 6ms
10 timing config:load:file:/root/.npmrc Completed in 2ms
11 timing config:load:user Completed in 2ms
12 timing config:load:file:/etc/npmrc Completed in 6ms
13 timing config:load:global Completed in 6ms
14 timing config:load:setEnvs Completed in 4ms
15 timing config:load Completed in 67ms
16 timing npm:load:configload Completed in 68ms
17 timing npm:load:mkdirpcache Completed in 9ms
18 timing npm:load:mkdirplogs Completed in 7ms
19 verbose title npm install express
20 verbose argv "install" "express"
21 timing npm:load:setTitle Completed in 2ms
22 timing config:load:flatten Completed in 26ms
23 timing npm:load:display Completed in 30ms
24 verbose logfile logs-max:10 dir:/root/.npm/_logs/2026-05-23T18_18_00_603Z-
25 verbose logfile /root/.npm/_logs/2026-05-23T18_18_00_603Z-debug-0.log
26 timing npm:load:logFile Completed in 39ms
27 timing npm:load:timers Completed in 0ms
28 timing npm:load:configScope Completed in 0ms
29 timing npm:load Completed in 159ms
30 timing config:load:flatten Completed in 0ms
31 timing arborist:ctor Completed in 1ms
32 silly logfile done cleaning log files
33 timing arborist:ctor Completed in 0ms
34 timing idealTree:init Completed in 147ms
35 timing idealTree:userRequests Completed in 26ms
36 silly idealTree buildDeps
37 silly fetch manifest express@*
38 http fetch GET 200 https://registry.npmjs.org/express 273ms (cache miss)
39 silly placeDep ROOT express@5.2.1 OK for: root@1.0.0 want: *
40 silly fetch manifest qs@^6.14.0
41 silly fetch manifest depd@^2.0.0
42 silly fetch manifest etag@^1.8.1
43 silly fetch manifest once@^1.4.0
44 silly fetch manifest send@^1.1.0
45 silly fetch manifest vary@^1.1.2
46 silly fetch manifest debug@^4.4.0
47 silly fetch manifest fresh@^2.0.0
48 silly fetch manifest cookie@^0.7.1
49 silly fetch manifest router@^2.2.0
50 silly fetch manifest accepts@^2.0.0
51 silly fetch manifest type-is@^2.0.1
52 silly fetch manifest parseurl@^1.3.3
53 silly fetch manifest statuses@^2.0.1
54 silly fetch manifest encodeurl@^2.0.0
55 silly fetch manifest mime-types@^3.0.0
56 silly fetch manifest proxy-addr@^2.0.7
57 silly fetch manifest body-parser@^2.2.1
58 silly fetch manifest escape-html@^1.0.3
59 silly fetch manifest http-errors@^2.0.0
60 silly fetch manifest on-finished@^2.4.1
61 silly fetch manifest content-type@^1.0.5
62 silly fetch manifest finalhandler@^2.1.0
63 silly fetch manifest range-parser@^1.2.1
64 silly fetch manifest serve-static@^2.2.0
65 silly fetch manifest cookie-signature@^1.2.1
66 silly fetch manifest merge-descriptors@^2.0.0
67 silly fetch manifest content-disposition@^1.0.0
68 http fetch GET 200 https://registry.npmjs.org/mime-types 297ms (cache miss)
69 http fetch GET 200 https://registry.npmjs.org/qs 327ms (cache miss)
70 http fetch GET 200 https://registry.npmjs.org/once 341ms (cache miss)
71 http fetch GET 200 https://registry.npmjs.org/encodeurl 336ms (cache miss)
72 http fetch GET 200 https://registry.npmjs.org/fresh 348ms (cache miss)
73 http fetch GET 200 https://registry.npmjs.org/escape-html 349ms (cache miss)
74 http fetch GET 200 https://registry.npmjs.org/vary 365ms (cache miss)
75 http fetch GET 200 https://registry.npmjs.org/on-finished 350ms (cache miss)
76 http fetch GET 200 https://registry.npmjs.org/content-type 349ms (cache miss)
77 http fetch GET 200 https://registry.npmjs.org/proxy-addr 358ms (cache miss)
78 http fetch GET 200 https://registry.npmjs.org/parseurl 364ms (cache miss)
79 http fetch GET 200 https://registry.npmjs.org/merge-descriptors 344ms (cache miss)
80 http fetch GET 200 https://registry.npmjs.org/etag 376ms (cache miss)
81 http fetch GET 200 https://registry.npmjs.org/content-disposition 348ms (cache miss)
82 http fetch GET 200 https://registry.npmjs.org/depd 384ms (cache miss)
83 http fetch GET 200 https://registry.npmjs.org/cookie-signature 356ms (cache miss)
84 http fetch GET 200 https://registry.npmjs.org/range-parser 358ms (cache miss)
85 http fetch GET 200 https://registry.npmjs.org/statuses 373ms (cache miss)
86 http fetch GET 200 https://registry.npmjs.org/cookie 381ms (cache miss)
87 http fetch GET 200 https://registry.npmjs.org/type-is 380ms (cache miss)
88 http fetch GET 200 https://registry.npmjs.org/http-errors 371ms (cache miss)
89 http fetch GET 200 https://registry.npmjs.org/accepts 384ms (cache miss)
90 http fetch GET 200 https://registry.npmjs.org/finalhandler 375ms (cache miss)
91 http fetch GET 200 https://registry.npmjs.org/send 399ms (cache miss)
92 http fetch GET 200 https://registry.npmjs.org/router 394ms (cache miss)
93 http fetch GET 200 https://registry.npmjs.org/serve-static 381ms (cache miss)
94 http fetch GET 200 https://registry.npmjs.org/body-parser 394ms (cache miss)
95 http fetch GET 200 https://registry.npmjs.org/debug 407ms (cache miss)
96 timing idealTree:#root Completed in 741ms
97 silly placeDep ROOT accepts@2.0.0 OK for: express@5.2.1 want: ^2.0.0
98 silly placeDep ROOT body-parser@2.2.2 OK for: express@5.2.1 want: ^2.2.1
99 silly placeDep ROOT content-disposition@1.1.0 OK for: express@5.2.1 want: ^1.0.0
100 silly placeDep ROOT content-type@1.0.5 OK for: express@5.2.1 want: ^1.0.5
101 silly placeDep ROOT cookie@0.7.2 OK for: express@5.2.1 want: ^0.7.1
102 silly placeDep ROOT cookie-signature@1.2.2 OK for: express@5.2.1 want: ^1.2.1
103 silly placeDep ROOT debug@4.4.3 OK for: express@5.2.1 want: ^4.4.0
104 silly placeDep ROOT depd@2.0.0 OK for: express@5.2.1 want: ^2.0.0
105 silly placeDep ROOT encodeurl@2.0.0 OK for: express@5.2.1 want: ^2.0.0
106 silly placeDep ROOT escape-html@1.0.3 OK for: express@5.2.1 want: ^1.0.3
107 silly placeDep ROOT etag@1.8.1 OK for: express@5.2.1 want: ^1.8.1
108 silly placeDep ROOT finalhandler@2.1.1 OK for: express@5.2.1 want: ^2.1.0
109 silly placeDep ROOT fresh@2.0.0 OK for: express@5.2.1 want: ^2.0.0
110 silly placeDep ROOT http-errors@2.0.1 OK for: express@5.2.1 want: ^2.0.0
111 silly placeDep ROOT merge-descriptors@2.0.0 OK for: express@5.2.1 want: ^2.0.0
112 silly placeDep ROOT mime-types@3.0.2 OK for: express@5.2.1 want: ^3.0.0
113 silly placeDep ROOT on-finished@2.4.1 OK for: express@5.2.1 want: ^2.4.1
114 silly placeDep ROOT once@1.4.0 OK for: express@5.2.1 want: ^1.4.0
115 silly placeDep ROOT parseurl@1.3.3 OK for: express@5.2.1 want: ^1.3.3
116 silly placeDep ROOT proxy-addr@2.0.7 OK for: express@5.2.1 want: ^2.0.7
117 silly placeDep ROOT qs@6.15.2 OK for: express@5.2.1 want: ^6.14.0
118 silly placeDep ROOT range-parser@1.2.1 OK for: express@5.2.1 want: ^1.2.1
119 silly placeDep ROOT router@2.2.0 OK for: express@5.2.1 want: ^2.2.0
120 silly placeDep ROOT send@1.2.1 OK for: express@5.2.1 want: ^1.1.0
121 silly placeDep ROOT serve-static@2.2.1 OK for: express@5.2.1 want: ^2.2.0
122 silly placeDep ROOT statuses@2.0.2 OK for: express@5.2.1 want: ^2.0.1
123 silly placeDep ROOT type-is@2.1.0 OK for: express@5.2.1 want: ^2.0.1
124 silly placeDep ROOT vary@1.1.2 OK for: express@5.2.1 want: ^1.1.2
125 silly fetch manifest negotiator@^1.0.0
126 silly fetch manifest bytes@^3.1.2
127 silly fetch manifest raw-body@^3.0.1
128 silly fetch manifest iconv-lite@^0.7.0
129 silly fetch manifest ms@^2.1.3
130 silly fetch manifest inherits@~2.0.4
131 silly fetch manifest setprototypeof@~1.2.0
132 silly fetch manifest toidentifier@~1.0.1
133 silly fetch manifest mime-db@^1.54.0
134 silly fetch manifest ee-first@1.1.1
135 silly fetch manifest wrappy@1
136 silly fetch manifest forwarded@0.2.0
137 silly fetch manifest ipaddr.js@1.9.1
138 silly fetch manifest side-channel@^1.1.0
139 silly fetch manifest is-promise@^4.0.0
140 silly fetch manifest path-to-regexp@^8.0.0
141 silly fetch manifest content-type@^2.0.0
142 silly fetch manifest media-typer@^1.1.0
143 http fetch GET 200 https://registry.npmjs.org/wrappy 156ms (cache miss)
144 http fetch GET 200 https://registry.npmjs.org/side-channel 160ms (cache miss)
145 http fetch GET 200 https://registry.npmjs.org/ee-first 166ms (cache miss)
146 http fetch GET 200 https://registry.npmjs.org/forwarded 165ms (cache miss)
147 http fetch GET 200 https://registry.npmjs.org/inherits 174ms (cache miss)
148 http fetch GET 200 https://registry.npmjs.org/setprototypeof 173ms (cache miss)
149 http fetch GET 200 https://registry.npmjs.org/toidentifier 173ms (cache miss)
150 http fetch GET 200 https://registry.npmjs.org/media-typer 167ms (cache miss)
151 http fetch GET 200 https://registry.npmjs.org/bytes 184ms (cache miss)
152 http fetch GET 200 https://registry.npmjs.org/is-promise 170ms (cache miss)
153 http fetch GET 200 https://registry.npmjs.org/negotiator 186ms (cache miss)
154 http fetch GET 200 https://registry.npmjs.org/ms 187ms (cache miss)
155 http fetch GET 200 https://registry.npmjs.org/path-to-regexp 178ms (cache miss)
156 http fetch GET 200 https://registry.npmjs.org/ipaddr.js 182ms (cache miss)
157 http fetch GET 200 https://registry.npmjs.org/raw-body 196ms (cache miss)
158 http fetch GET 200 https://registry.npmjs.org/iconv-lite 195ms (cache miss)
159 http fetch GET 200 https://registry.npmjs.org/mime-db 193ms (cache miss)
160 timing idealTree:node_modules/express Completed in 272ms
161 silly placeDep ROOT negotiator@1.0.0 OK for: accepts@2.0.0 want: ^1.0.0
162 timing idealTree:node_modules/accepts Completed in 2ms
163 silly placeDep ROOT bytes@3.1.2 OK for: body-parser@2.2.2 want: ^3.1.2
164 silly placeDep ROOT iconv-lite@0.7.2 OK for: body-parser@2.2.2 want: ^0.7.0
165 silly placeDep ROOT raw-body@3.0.2 OK for: body-parser@2.2.2 want: ^3.0.1
166 silly fetch manifest safer-buffer@>= 2.1.2 < 3.0.0
167 silly fetch manifest unpipe@~1.0.0
168 http fetch GET 200 https://registry.npmjs.org/unpipe 28ms (cache miss)
169 http fetch GET 200 https://registry.npmjs.org/safer-buffer 41ms (cache miss)
170 timing idealTree:node_modules/body-parser Completed in 51ms
171 timing idealTree:node_modules/bytes Completed in 0ms
172 timing idealTree:node_modules/content-disposition Completed in 0ms
173 timing idealTree:node_modules/content-type Completed in 0ms
174 timing idealTree:node_modules/cookie Completed in 0ms
175 timing idealTree:node_modules/cookie-signature Completed in 0ms
176 silly placeDep ROOT ms@2.1.3 OK for: debug@4.4.3 want: ^2.1.3
177 timing idealTree:node_modules/debug Completed in 2ms
178 timing idealTree:node_modules/depd Completed in 0ms
179 timing idealTree:node_modules/encodeurl Completed in 0ms
180 timing idealTree:node_modules/escape-html Completed in 0ms
181 timing idealTree:node_modules/etag Completed in 0ms
182 timing idealTree:node_modules/finalhandler Completed in 0ms
183 timing idealTree:node_modules/fresh Completed in 0ms
184 silly placeDep ROOT inherits@2.0.4 OK for: http-errors@2.0.1 want: ~2.0.4
185 silly placeDep ROOT setprototypeof@1.2.0 OK for: http-errors@2.0.1 want: ~1.2.0
186 silly placeDep ROOT toidentifier@1.0.1 OK for: http-errors@2.0.1 want: ~1.0.1
187 timing idealTree:node_modules/http-errors Completed in 6ms
188 silly placeDep ROOT safer-buffer@2.1.2 OK for: iconv-lite@0.7.2 want: >= 2.1.2 < 3.0.0
189 timing idealTree:node_modules/iconv-lite Completed in 2ms
190 timing idealTree:node_modules/inherits Completed in 0ms
191 timing idealTree:node_modules/merge-descriptors Completed in 0ms
192 silly placeDep ROOT mime-db@1.54.0 OK for: mime-types@3.0.2 want: ^1.54.0
193 timing idealTree:node_modules/mime-types Completed in 1ms
194 timing idealTree:node_modules/mime-db Completed in 0ms
195 timing idealTree:node_modules/ms Completed in 0ms
196 timing idealTree:node_modules/negotiator Completed in 0ms
197 silly placeDep ROOT ee-first@1.1.1 OK for: on-finished@2.4.1 want: 1.1.1
198 timing idealTree:node_modules/on-finished Completed in 1ms
199 timing idealTree:node_modules/ee-first Completed in 0ms
200 silly placeDep ROOT wrappy@1.0.2 OK for: once@1.4.0 want: 1
201 timing idealTree:node_modules/once Completed in 1ms
202 timing idealTree:node_modules/parseurl Completed in 0ms
203 silly placeDep ROOT forwarded@0.2.0 OK for: proxy-addr@2.0.7 want: 0.2.0
204 silly placeDep ROOT ipaddr.js@1.9.1 OK for: proxy-addr@2.0.7 want: 1.9.1
205 timing idealTree:node_modules/proxy-addr Completed in 2ms
206 timing idealTree:node_modules/forwarded Completed in 0ms
207 timing idealTree:node_modules/ipaddr.js Completed in 0ms
208 silly placeDep ROOT side-channel@1.1.0 OK for: qs@6.15.2 want: ^1.1.0
209 silly fetch manifest es-errors@^1.3.0
210 silly fetch manifest object-inspect@^1.13.3
211 silly fetch manifest side-channel-list@^1.0.0
212 silly fetch manifest side-channel-map@^1.0.1
213 silly fetch manifest side-channel-weakmap@^1.0.2
214 http fetch GET 200 https://registry.npmjs.org/side-channel-weakmap 49ms (cache miss)
215 http fetch GET 200 https://registry.npmjs.org/es-errors 55ms (cache miss)
216 http fetch GET 200 https://registry.npmjs.org/side-channel-list 55ms (cache miss)
217 http fetch GET 200 https://registry.npmjs.org/side-channel-map 57ms (cache miss)
218 http fetch GET 200 https://registry.npmjs.org/object-inspect 61ms (cache miss)
219 timing idealTree:node_modules/qs Completed in 65ms
220 timing idealTree:node_modules/range-parser Completed in 0ms
221 silly placeDep ROOT unpipe@1.0.0 OK for: raw-body@3.0.2 want: ~1.0.0
222 timing idealTree:node_modules/raw-body Completed in 2ms
223 silly placeDep ROOT is-promise@4.0.0 OK for: router@2.2.0 want: ^4.0.0
224 silly placeDep ROOT path-to-regexp@8.4.2 OK for: router@2.2.0 want: ^8.0.0
225 timing idealTree:node_modules/router Completed in 4ms
226 timing idealTree:node_modules/is-promise Completed in 0ms
227 timing idealTree:node_modules/path-to-regexp Completed in 0ms
228 timing idealTree:node_modules/safer-buffer Completed in 0ms
229 timing idealTree:node_modules/send Completed in 0ms
230 timing idealTree:node_modules/serve-static Completed in 0ms
231 timing idealTree:node_modules/setprototypeof Completed in 0ms
232 silly placeDep ROOT es-errors@1.3.0 OK for: side-channel@1.1.0 want: ^1.3.0
233 silly placeDep ROOT object-inspect@1.13.4 OK for: side-channel@1.1.0 want: ^1.13.3
234 silly placeDep ROOT side-channel-list@1.0.1 OK for: side-channel@1.1.0 want: ^1.0.0
235 silly placeDep ROOT side-channel-map@1.0.1 OK for: side-channel@1.1.0 want: ^1.0.1
236 silly placeDep ROOT side-channel-weakmap@1.0.2 OK for: side-channel@1.1.0 want: ^1.0.2
237 silly fetch manifest call-bound@^1.0.2
238 silly fetch manifest get-intrinsic@^1.2.5
239 http fetch GET 200 https://registry.npmjs.org/get-intrinsic 36ms (cache miss)
240 http fetch GET 200 https://registry.npmjs.org/call-bound 43ms (cache miss)
241 timing idealTree:node_modules/side-channel Completed in 58ms
242 timing idealTree:node_modules/es-errors Completed in 0ms
243 timing idealTree:node_modules/object-inspect Completed in 0ms
244 timing idealTree:node_modules/side-channel-list Completed in 0ms
245 silly placeDep ROOT call-bound@1.0.4 OK for: side-channel-map@1.0.1 want: ^1.0.2
246 silly placeDep ROOT get-intrinsic@1.3.0 OK for: side-channel-map@1.0.1 want: ^1.2.5
247 silly fetch manifest call-bind-apply-helpers@^1.0.2
248 silly fetch manifest gopd@^1.2.0
249 silly fetch manifest hasown@^2.0.2
250 silly fetch manifest get-proto@^1.0.1
251 silly fetch manifest has-symbols@^1.1.0
252 silly fetch manifest function-bind@^1.1.2
253 silly fetch manifest es-object-atoms@^1.1.1
254 silly fetch manifest math-intrinsics@^1.1.0
255 silly fetch manifest es-define-property@^1.0.1
256 http fetch GET 200 https://registry.npmjs.org/es-object-atoms 97ms (cache miss)
257 http fetch GET 200 https://registry.npmjs.org/gopd 103ms (cache miss)
258 http fetch GET 200 https://registry.npmjs.org/hasown 102ms (cache miss)
259 http fetch GET 200 https://registry.npmjs.org/call-bind-apply-helpers 109ms (cache miss)
260 http fetch GET 200 https://registry.npmjs.org/get-proto 105ms (cache miss)
261 http fetch GET 200 https://registry.npmjs.org/function-bind 105ms (cache miss)
262 http fetch GET 200 https://registry.npmjs.org/math-intrinsics 104ms (cache miss)
263 http fetch GET 200 https://registry.npmjs.org/es-define-property 103ms (cache miss)
264 http fetch GET 200 https://registry.npmjs.org/has-symbols 108ms (cache miss)
265 timing idealTree:node_modules/side-channel-map Completed in 120ms
266 silly placeDep ROOT call-bind-apply-helpers@1.0.2 OK for: call-bound@1.0.4 want: ^1.0.2
267 timing idealTree:node_modules/call-bound Completed in 4ms
268 silly placeDep ROOT function-bind@1.1.2 OK for: call-bind-apply-helpers@1.0.2 want: ^1.1.2
269 timing idealTree:node_modules/call-bind-apply-helpers Completed in 2ms
270 timing idealTree:node_modules/function-bind Completed in 0ms
271 silly placeDep ROOT es-define-property@1.0.1 OK for: get-intrinsic@1.3.0 want: ^1.0.1
272 silly placeDep ROOT es-object-atoms@1.1.2 OK for: get-intrinsic@1.3.0 want: ^1.1.1
273 silly placeDep ROOT get-proto@1.0.1 OK for: get-intrinsic@1.3.0 want: ^1.0.1
274 silly placeDep ROOT gopd@1.2.0 OK for: get-intrinsic@1.3.0 want: ^1.2.0
275 silly placeDep ROOT has-symbols@1.1.0 OK for: get-intrinsic@1.3.0 want: ^1.1.0
276 silly placeDep ROOT hasown@2.0.3 OK for: get-intrinsic@1.3.0 want: ^2.0.2
277 silly placeDep ROOT math-intrinsics@1.1.0 OK for: get-intrinsic@1.3.0 want: ^1.1.0
278 silly fetch manifest dunder-proto@^1.0.1
279 http fetch GET 200 https://registry.npmjs.org/dunder-proto 25ms (cache miss)
280 timing idealTree:node_modules/get-intrinsic Completed in 42ms
281 timing idealTree:node_modules/es-define-property Completed in 0ms
282 timing idealTree:node_modules/es-object-atoms Completed in 0ms
283 silly placeDep ROOT dunder-proto@1.0.1 OK for: get-proto@1.0.1 want: ^1.0.1
284 timing idealTree:node_modules/get-proto Completed in 3ms
285 timing idealTree:node_modules/dunder-proto Completed in 0ms
286 timing idealTree:node_modules/gopd Completed in 0ms
287 timing idealTree:node_modules/has-symbols Completed in 0ms
288 timing idealTree:node_modules/hasown Completed in 0ms
289 timing idealTree:node_modules/math-intrinsics Completed in 0ms
290 timing idealTree:node_modules/side-channel-weakmap Completed in 0ms
291 timing idealTree:node_modules/statuses Completed in 0ms
292 timing idealTree:node_modules/toidentifier Completed in 0ms
293 silly placeDep node_modules/type-is content-type@2.0.0 OK for: type-is@2.1.0 want: ^2.0.0
294 silly placeDep ROOT media-typer@1.1.0 OK for: type-is@2.1.0 want: ^1.1.0
295 timing idealTree:node_modules/type-is Completed in 9ms
296 timing idealTree:node_modules/media-typer Completed in 0ms
297 timing idealTree:node_modules/unpipe Completed in 0ms
298 timing idealTree:node_modules/vary Completed in 0ms
299 timing idealTree:node_modules/wrappy Completed in 0ms
300 timing idealTree:node_modules/type-is/node_modules/content-type Completed in 0ms
301 timing idealTree:buildDeps Completed in 1407ms
302 timing idealTree:fixDepFlags Completed in 1ms
303 timing idealTree Completed in 1586ms
304 timing reify:loadTrees Completed in 1587ms
305 timing reify:diffTrees Completed in 4ms
306 silly reify moves {}
307 timing reify:retireShallow Completed in 2ms
308 timing reify:createSparse Completed in 14ms
309 timing reify:loadBundles Completed in 0ms
310 silly audit bulk request {
310 silly audit   express: [ '5.2.1' ],
310 silly audit   accepts: [ '2.0.0' ],
310 silly audit   'body-parser': [ '2.2.2' ],
310 silly audit   'content-disposition': [ '1.1.0' ],
310 silly audit   'content-type': [ '1.0.5', '2.0.0' ],
310 silly audit   cookie: [ '0.7.2' ],
310 silly audit   'cookie-signature': [ '1.2.2' ],
310 silly audit   debug: [ '4.4.3' ],
310 silly audit   depd: [ '2.0.0' ],
310 silly audit   encodeurl: [ '2.0.0' ],
310 silly audit   'escape-html': [ '1.0.3' ],
310 silly audit   etag: [ '1.8.1' ],
310 silly audit   finalhandler: [ '2.1.1' ],
310 silly audit   fresh: [ '2.0.0' ],
310 silly audit   'http-errors': [ '2.0.1' ],
310 silly audit   'merge-descriptors': [ '2.0.0' ],
310 silly audit   'mime-types': [ '3.0.2' ],
310 silly audit   'on-finished': [ '2.4.1' ],
310 silly audit   once: [ '1.4.0' ],
310 silly audit   parseurl: [ '1.3.3' ],
310 silly audit   'proxy-addr': [ '2.0.7' ],
310 silly audit   qs: [ '6.15.2' ],
310 silly audit   'range-parser': [ '1.2.1' ],
310 silly audit   router: [ '2.2.0' ],
310 silly audit   send: [ '1.2.1' ],
310 silly audit   'serve-static': [ '2.2.1' ],
310 silly audit   statuses: [ '2.0.2' ],
310 silly audit   'type-is': [ '2.1.0' ],
310 silly audit   vary: [ '1.1.2' ],
310 silly audit   negotiator: [ '1.0.0' ],
310 silly audit   bytes: [ '3.1.2' ],
310 silly audit   'iconv-lite': [ '0.7.2' ],
310 silly audit   'raw-body': [ '3.0.2' ],
310 silly audit   ms: [ '2.1.3' ],
310 silly audit   inherits: [ '2.0.4' ],
310 silly audit   setprototypeof: [ '1.2.0' ],
310 silly audit   toidentifier: [ '1.0.1' ],
310 silly audit   'safer-buffer': [ '2.1.2' ],
310 silly audit   'mime-db': [ '1.54.0' ],
310 silly audit   'ee-first': [ '1.1.1' ],
310 silly audit   wrappy: [ '1.0.2' ],
310 silly audit   forwarded: [ '0.2.0' ],
310 silly audit   'ipaddr.js': [ '1.9.1' ],
310 silly audit   'side-channel': [ '1.1.0' ],
310 silly audit   unpipe: [ '1.0.0' ],
310 silly audit   'is-promise': [ '4.0.0' ],
310 silly audit   'path-to-regexp': [ '8.4.2' ],
310 silly audit   'es-errors': [ '1.3.0' ],
310 silly audit   'object-inspect': [ '1.13.4' ],
310 silly audit   'side-channel-list': [ '1.0.1' ],
310 silly audit   'side-channel-map': [ '1.0.1' ],
310 silly audit   'side-channel-weakmap': [ '1.0.2' ],
310 silly audit   'call-bound': [ '1.0.4' ],
310 silly audit   'get-intrinsic': [ '1.3.0' ],
310 silly audit   'call-bind-apply-helpers': [ '1.0.2' ],
310 silly audit   'function-bind': [ '1.1.2' ],
310 silly audit   'es-define-property': [ '1.0.1' ],
310 silly audit   'es-object-atoms': [ '1.1.2' ],
310 silly audit   'get-proto': [ '1.0.1' ],
310 silly audit   gopd: [ '1.2.0' ],
310 silly audit   'has-symbols': [ '1.1.0' ],
310 silly audit   hasown: [ '2.0.3' ],
310 silly audit   'math-intrinsics': [ '1.1.0' ],
310 silly audit   'dunder-proto': [ '1.0.1' ],
310 silly audit   'media-typer': [ '1.1.0' ]
310 silly audit }
311 silly tarball no local data for media-typer@https://registry.npmjs.org/media-typer/-/media-typer-1.1.0.tgz. Extracting by manifest.
312 silly tarball no local data for dunder-proto@https://registry.npmjs.org/dunder-proto/-/dunder-proto-1.0.1.tgz. Extracting by manifest.
313 silly tarball no local data for math-intrinsics@https://registry.npmjs.org/math-intrinsics/-/math-intrinsics-1.1.0.tgz. Extracting by manifest.
314 silly tarball no local data for hasown@https://registry.npmjs.org/hasown/-/hasown-2.0.3.tgz. Extracting by manifest.
315 silly tarball no local data for has-symbols@https://registry.npmjs.org/has-symbols/-/has-symbols-1.1.0.tgz. Extracting by manifest.
316 silly tarball no local data for gopd@https://registry.npmjs.org/gopd/-/gopd-1.2.0.tgz. Extracting by manifest.
317 silly tarball no local data for get-proto@https://registry.npmjs.org/get-proto/-/get-proto-1.0.1.tgz. Extracting by manifest.
318 silly tarball no local data for es-object-atoms@https://registry.npmjs.org/es-object-atoms/-/es-object-atoms-1.1.2.tgz. Extracting by manifest.
319 silly tarball no local data for es-define-property@https://registry.npmjs.org/es-define-property/-/es-define-property-1.0.1.tgz. Extracting by manifest.
320 silly tarball no local data for function-bind@https://registry.npmjs.org/function-bind/-/function-bind-1.1.2.tgz. Extracting by manifest.
321 silly tarball no local data for call-bind-apply-helpers@https://registry.npmjs.org/call-bind-apply-helpers/-/call-bind-apply-helpers-1.0.2.tgz. Extracting by manifest.
322 silly tarball no local data for get-intrinsic@https://registry.npmjs.org/get-intrinsic/-/get-intrinsic-1.3.0.tgz. Extracting by manifest.
323 silly tarball no local data for call-bound@https://registry.npmjs.org/call-bound/-/call-bound-1.0.4.tgz. Extracting by manifest.
324 silly tarball no local data for side-channel-weakmap@https://registry.npmjs.org/side-channel-weakmap/-/side-channel-weakmap-1.0.2.tgz. Extracting by manifest.
325 silly tarball no local data for side-channel-map@https://registry.npmjs.org/side-channel-map/-/side-channel-map-1.0.1.tgz. Extracting by manifest.
326 silly tarball no local data for side-channel-list@https://registry.npmjs.org/side-channel-list/-/side-channel-list-1.0.1.tgz. Extracting by manifest.
327 silly tarball no local data for object-inspect@https://registry.npmjs.org/object-inspect/-/object-inspect-1.13.4.tgz. Extracting by manifest.
328 silly tarball no local data for es-errors@https://registry.npmjs.org/es-errors/-/es-errors-1.3.0.tgz. Extracting by manifest.
329 silly tarball no local data for path-to-regexp@https://registry.npmjs.org/path-to-regexp/-/path-to-regexp-8.4.2.tgz. Extracting by manifest.
330 silly tarball no local data for is-promise@https://registry.npmjs.org/is-promise/-/is-promise-4.0.0.tgz. Extracting by manifest.
331 silly tarball no local data for unpipe@https://registry.npmjs.org/unpipe/-/unpipe-1.0.0.tgz. Extracting by manifest.
332 silly tarball no local data for side-channel@https://registry.npmjs.org/side-channel/-/side-channel-1.1.0.tgz. Extracting by manifest.
333 silly tarball no local data for ipaddr.js@https://registry.npmjs.org/ipaddr.js/-/ipaddr.js-1.9.1.tgz. Extracting by manifest.
334 silly tarball no local data for forwarded@https://registry.npmjs.org/forwarded/-/forwarded-0.2.0.tgz. Extracting by manifest.
335 silly tarball no local data for wrappy@https://registry.npmjs.org/wrappy/-/wrappy-1.0.2.tgz. Extracting by manifest.
336 silly tarball no local data for ee-first@https://registry.npmjs.org/ee-first/-/ee-first-1.1.1.tgz. Extracting by manifest.
337 silly tarball no local data for mime-db@https://registry.npmjs.org/mime-db/-/mime-db-1.54.0.tgz. Extracting by manifest.
338 silly tarball no local data for safer-buffer@https://registry.npmjs.org/safer-buffer/-/safer-buffer-2.1.2.tgz. Extracting by manifest.
339 silly tarball no local data for toidentifier@https://registry.npmjs.org/toidentifier/-/toidentifier-1.0.1.tgz. Extracting by manifest.
340 silly tarball no local data for setprototypeof@https://registry.npmjs.org/setprototypeof/-/setprototypeof-1.2.0.tgz. Extracting by manifest.
341 silly tarball no local data for inherits@https://registry.npmjs.org/inherits/-/inherits-2.0.4.tgz. Extracting by manifest.
342 silly tarball no local data for ms@https://registry.npmjs.org/ms/-/ms-2.1.3.tgz. Extracting by manifest.
343 silly tarball no local data for raw-body@https://registry.npmjs.org/raw-body/-/raw-body-3.0.2.tgz. Extracting by manifest.
344 silly tarball no local data for iconv-lite@https://registry.npmjs.org/iconv-lite/-/iconv-lite-0.7.2.tgz. Extracting by manifest.
345 silly tarball no local data for bytes@https://registry.npmjs.org/bytes/-/bytes-3.1.2.tgz. Extracting by manifest.
346 silly tarball no local data for negotiator@https://registry.npmjs.org/negotiator/-/negotiator-1.0.0.tgz. Extracting by manifest.
347 silly tarball no local data for vary@https://registry.npmjs.org/vary/-/vary-1.1.2.tgz. Extracting by manifest.
348 silly tarball no local data for type-is@https://registry.npmjs.org/type-is/-/type-is-2.1.0.tgz. Extracting by manifest.
349 silly tarball no local data for statuses@https://registry.npmjs.org/statuses/-/statuses-2.0.2.tgz. Extracting by manifest.
350 silly tarball no local data for serve-static@https://registry.npmjs.org/serve-static/-/serve-static-2.2.1.tgz. Extracting by manifest.
351 silly tarball no local data for send@https://registry.npmjs.org/send/-/send-1.2.1.tgz. Extracting by manifest.
352 silly tarball no local data for router@https://registry.npmjs.org/router/-/router-2.2.0.tgz. Extracting by manifest.
353 silly tarball no local data for range-parser@https://registry.npmjs.org/range-parser/-/range-parser-1.2.1.tgz. Extracting by manifest.
354 silly tarball no local data for qs@https://registry.npmjs.org/qs/-/qs-6.15.2.tgz. Extracting by manifest.
355 silly tarball no local data for proxy-addr@https://registry.npmjs.org/proxy-addr/-/proxy-addr-2.0.7.tgz. Extracting by manifest.
356 silly tarball no local data for parseurl@https://registry.npmjs.org/parseurl/-/parseurl-1.3.3.tgz. Extracting by manifest.
357 silly tarball no local data for once@https://registry.npmjs.org/once/-/once-1.4.0.tgz. Extracting by manifest.
358 silly tarball no local data for on-finished@https://registry.npmjs.org/on-finished/-/on-finished-2.4.1.tgz. Extracting by manifest.
359 silly tarball no local data for mime-types@https://registry.npmjs.org/mime-types/-/mime-types-3.0.2.tgz. Extracting by manifest.
360 silly tarball no local data for merge-descriptors@https://registry.npmjs.org/merge-descriptors/-/merge-descriptors-2.0.0.tgz. Extracting by manifest.
361 silly tarball no local data for http-errors@https://registry.npmjs.org/http-errors/-/http-errors-2.0.1.tgz. Extracting by manifest.
362 silly tarball no local data for fresh@https://registry.npmjs.org/fresh/-/fresh-2.0.0.tgz. Extracting by manifest.
363 silly tarball no local data for finalhandler@https://registry.npmjs.org/finalhandler/-/finalhandler-2.1.1.tgz. Extracting by manifest.
364 silly tarball no local data for etag@https://registry.npmjs.org/etag/-/etag-1.8.1.tgz. Extracting by manifest.
365 silly tarball no local data for escape-html@https://registry.npmjs.org/escape-html/-/escape-html-1.0.3.tgz. Extracting by manifest.
366 silly tarball no local data for encodeurl@https://registry.npmjs.org/encodeurl/-/encodeurl-2.0.0.tgz. Extracting by manifest.
367 silly tarball no local data for depd@https://registry.npmjs.org/depd/-/depd-2.0.0.tgz. Extracting by manifest.
368 silly tarball no local data for debug@https://registry.npmjs.org/debug/-/debug-4.4.3.tgz. Extracting by manifest.
369 silly tarball no local data for cookie-signature@https://registry.npmjs.org/cookie-signature/-/cookie-signature-1.2.2.tgz. Extracting by manifest.
370 silly tarball no local data for cookie@https://registry.npmjs.org/cookie/-/cookie-0.7.2.tgz. Extracting by manifest.
371 silly tarball no local data for content-type@https://registry.npmjs.org/content-type/-/content-type-1.0.5.tgz. Extracting by manifest.
372 silly tarball no local data for content-disposition@https://registry.npmjs.org/content-disposition/-/content-disposition-1.1.0.tgz. Extracting by manifest.
373 silly tarball no local data for body-parser@https://registry.npmjs.org/body-parser/-/body-parser-2.2.2.tgz. Extracting by manifest.
374 silly tarball no local data for accepts@https://registry.npmjs.org/accepts/-/accepts-2.0.0.tgz. Extracting by manifest.
375 silly tarball no local data for express@https://registry.npmjs.org/express/-/express-5.2.1.tgz. Extracting by manifest.
376 silly tarball no local data for content-type@https://registry.npmjs.org/content-type/-/content-type-2.0.0.tgz. Extracting by manifest.
377 http fetch POST 200 https://registry.npmjs.org/-/npm/v1/security/advisories/bulk 520ms
378 timing auditReport:getReport Completed in 529ms
379 silly audit report {}
380 timing auditReport:init Completed in 0ms
381 timing reify:audit Completed in 530ms
382 http fetch GET 200 https://registry.npmjs.org/hasown/-/hasown-2.0.3.tgz 1144ms (cache miss)
383 http fetch GET 200 https://registry.npmjs.org/toidentifier/-/toidentifier-1.0.1.tgz 991ms (cache miss)
384 timing reifyNode:node_modules/toidentifier Completed in 1230ms
385 http fetch GET 200 https://registry.npmjs.org/es-define-property/-/es-define-property-1.0.1.tgz 1182ms (cache miss)
386 http fetch GET 200 https://registry.npmjs.org/media-typer/-/media-typer-1.1.0.tgz 1203ms (cache miss)
387 timing reifyNode:node_modules/media-typer Completed in 1274ms
388 http fetch GET 200 https://registry.npmjs.org/on-finished/-/on-finished-2.4.1.tgz 989ms (cache miss)
389 timing reifyNode:node_modules/on-finished Completed in 1285ms
390 timing reifyNode:node_modules/hasown Completed in 1288ms
391 timing reifyNode:node_modules/es-define-property Completed in 1292ms
392 http fetch GET 200 https://registry.npmjs.org/ee-first/-/ee-first-1.1.1.tgz 1063ms (cache miss)
393 timing reifyNode:node_modules/ee-first Completed in 1294ms
394 http fetch GET 200 https://registry.npmjs.org/unpipe/-/unpipe-1.0.0.tgz 1123ms (cache miss)
395 timing reifyNode:node_modules/unpipe Completed in 1303ms
396 http fetch GET 200 https://registry.npmjs.org/forwarded/-/forwarded-0.2.0.tgz 1081ms (cache miss)
397 timing reifyNode:node_modules/forwarded Completed in 1303ms
398 http fetch GET 200 https://registry.npmjs.org/inherits/-/inherits-2.0.4.tgz 1064ms (cache miss)
399 timing reifyNode:node_modules/inherits Completed in 1307ms
400 http fetch GET 200 https://registry.npmjs.org/wrappy/-/wrappy-1.0.2.tgz 1090ms (cache miss)
401 timing reifyNode:node_modules/wrappy Completed in 1316ms
402 http fetch GET 200 https://registry.npmjs.org/is-promise/-/is-promise-4.0.0.tgz 1138ms (cache miss)
403 timing reifyNode:node_modules/is-promise Completed in 1316ms
404 http fetch GET 200 https://registry.npmjs.org/cookie-signature/-/cookie-signature-1.2.2.tgz 991ms (cache miss)
405 timing reifyNode:node_modules/cookie-signature Completed in 1323ms
406 http fetch GET 200 https://registry.npmjs.org/merge-descriptors/-/merge-descriptors-2.0.0.tgz 1025ms (cache miss)
407 timing reifyNode:node_modules/merge-descriptors Completed in 1325ms
408 http fetch GET 200 https://registry.npmjs.org/fresh/-/fresh-2.0.0.tgz 1021ms (cache miss)
409 timing reifyNode:node_modules/fresh Completed in 1325ms
410 http fetch GET 200 https://registry.npmjs.org/safer-buffer/-/safer-buffer-2.1.2.tgz 1098ms (cache miss)
411 timing reifyNode:node_modules/safer-buffer Completed in 1337ms
412 http fetch GET 200 https://registry.npmjs.org/bytes/-/bytes-3.1.2.tgz 1070ms (cache miss)
413 timing reifyNode:node_modules/bytes Completed in 1336ms
414 http fetch GET 200 https://registry.npmjs.org/negotiator/-/negotiator-1.0.0.tgz 1067ms (cache miss)
415 http fetch GET 200 https://registry.npmjs.org/statuses/-/statuses-2.0.2.tgz 1063ms (cache miss)
416 timing reifyNode:node_modules/statuses Completed in 1337ms
417 http fetch GET 200 https://registry.npmjs.org/type-is/-/type-is-2.1.0.tgz 1067ms (cache miss)
418 timing reifyNode:node_modules/type-is Completed in 1338ms
419 http fetch GET 200 https://registry.npmjs.org/serve-static/-/serve-static-2.2.1.tgz 1063ms (cache miss)
420 timing reifyNode:node_modules/serve-static Completed in 1338ms
421 http fetch GET 200 https://registry.npmjs.org/router/-/router-2.2.0.tgz 1056ms (cache miss)
422 http fetch GET 200 https://registry.npmjs.org/setprototypeof/-/setprototypeof-1.2.0.tgz 1099ms (cache miss)
423 timing reifyNode:node_modules/setprototypeof Completed in 1342ms
424 http fetch GET 200 https://registry.npmjs.org/content-disposition/-/content-disposition-1.1.0.tgz 1002ms (cache miss)
425 timing reifyNode:node_modules/content-disposition Completed in 1339ms
426 http fetch GET 200 https://registry.npmjs.org/once/-/once-1.4.0.tgz 1050ms (cache miss)
427 timing reifyNode:node_modules/once Completed in 1344ms
428 http fetch GET 200 https://registry.npmjs.org/get-proto/-/get-proto-1.0.1.tgz 1267ms (cache miss)
429 http fetch GET 200 https://registry.npmjs.org/content-type/-/content-type-2.0.0.tgz 848ms (cache miss)
430 timing reifyNode:node_modules/type-is/node_modules/content-type Completed in 1350ms
431 http fetch GET 200 https://registry.npmjs.org/side-channel-weakmap/-/side-channel-weakmap-1.0.2.tgz 1251ms (cache miss)
432 http fetch GET 200 https://registry.npmjs.org/proxy-addr/-/proxy-addr-2.0.7.tgz 1064ms (cache miss)
433 timing reifyNode:node_modules/proxy-addr Completed in 1355ms
434 timing reifyNode:node_modules/router Completed in 1355ms
435 http fetch GET 200 https://registry.npmjs.org/ms/-/ms-2.1.3.tgz 1111ms (cache miss)
436 timing reifyNode:node_modules/ms Completed in 1357ms
437 http fetch GET 200 https://registry.npmjs.org/encodeurl/-/encodeurl-2.0.0.tgz 1036ms (cache miss)
438 timing reifyNode:node_modules/encodeurl Completed in 1356ms
439 http fetch GET 200 https://registry.npmjs.org/depd/-/depd-2.0.0.tgz 1033ms (cache miss)
440 timing reifyNode:node_modules/depd Completed in 1356ms
441 http fetch GET 200 https://registry.npmjs.org/parseurl/-/parseurl-1.3.3.tgz 1065ms (cache miss)
442 timing reifyNode:node_modules/parseurl Completed in 1357ms
443 http fetch GET 200 https://registry.npmjs.org/http-errors/-/http-errors-2.0.1.tgz 1056ms (cache miss)
444 timing reifyNode:node_modules/http-errors Completed in 1359ms
445 http fetch GET 200 https://registry.npmjs.org/mime-types/-/mime-types-3.0.2.tgz 1063ms (cache miss)
446 timing reifyNode:node_modules/mime-types Completed in 1359ms
447 http fetch GET 200 https://registry.npmjs.org/send/-/send-1.2.1.tgz 1080ms (cache miss)
448 timing reifyNode:node_modules/send Completed in 1361ms
449 timing reifyNode:node_modules/negotiator Completed in 1367ms
450 http fetch GET 200 https://registry.npmjs.org/accepts/-/accepts-2.0.0.tgz 1001ms (cache miss)
451 timing reifyNode:node_modules/accepts Completed in 1365ms
452 http fetch GET 200 https://registry.npmjs.org/vary/-/vary-1.1.2.tgz 1096ms (cache miss)
453 timing reifyNode:node_modules/vary Completed in 1368ms
454 http fetch GET 200 https://registry.npmjs.org/etag/-/etag-1.8.1.tgz 1052ms (cache miss)
455 timing reifyNode:node_modules/etag Completed in 1367ms
456 http fetch GET 200 https://registry.npmjs.org/escape-html/-/escape-html-1.0.3.tgz 1050ms (cache miss)
457 timing reifyNode:node_modules/escape-html Completed in 1367ms
458 http fetch GET 200 https://registry.npmjs.org/gopd/-/gopd-1.2.0.tgz 1292ms (cache miss)
459 http fetch GET 200 https://registry.npmjs.org/side-channel-map/-/side-channel-map-1.0.1.tgz 1271ms (cache miss)
460 http fetch GET 200 https://registry.npmjs.org/content-type/-/content-type-1.0.5.tgz 1039ms (cache miss)
461 timing reifyNode:node_modules/content-type Completed in 1376ms
462 timing reifyNode:node_modules/get-proto Completed in 1382ms
463 timing reifyNode:node_modules/side-channel-map Completed in 1381ms
464 timing reifyNode:node_modules/side-channel-weakmap Completed in 1384ms
465 http fetch GET 200 https://registry.npmjs.org/cookie/-/cookie-0.7.2.tgz 1048ms (cache miss)
466 timing reifyNode:node_modules/cookie Completed in 1381ms
467 http fetch GET 200 https://registry.npmjs.org/debug/-/debug-4.4.3.tgz 1060ms (cache miss)
468 timing reifyNode:node_modules/debug Completed in 1384ms
469 http fetch GET 200 https://registry.npmjs.org/range-parser/-/range-parser-1.2.1.tgz 1105ms (cache miss)
470 timing reifyNode:node_modules/range-parser Completed in 1391ms
471 http fetch GET 200 https://registry.npmjs.org/side-channel-list/-/side-channel-list-1.0.1.tgz 1287ms (cache miss)
472 http fetch GET 200 https://registry.npmjs.org/raw-body/-/raw-body-3.0.2.tgz 1135ms (cache miss)
473 timing reifyNode:node_modules/raw-body Completed in 1391ms
474 timing reifyNode:node_modules/side-channel-list Completed in 1396ms
475 http fetch GET 200 https://registry.npmjs.org/body-parser/-/body-parser-2.2.2.tgz 1043ms (cache miss)
476 http fetch GET 200 https://registry.npmjs.org/es-object-atoms/-/es-object-atoms-1.1.2.tgz 1313ms (cache miss)
477 http fetch GET 200 https://registry.npmjs.org/function-bind/-/function-bind-1.1.2.tgz 1307ms (cache miss)
478 timing reifyNode:node_modules/function-bind Completed in 1400ms
479 timing reifyNode:node_modules/gopd Completed in 1403ms
480 http fetch GET 200 https://registry.npmjs.org/ipaddr.js/-/ipaddr.js-1.9.1.tgz 1200ms (cache miss)
481 timing reifyNode:node_modules/ipaddr.js Completed in 1402ms
482 http fetch GET 200 https://registry.npmjs.org/dunder-proto/-/dunder-proto-1.0.1.tgz 1334ms (cache miss)
483 timing reifyNode:node_modules/dunder-proto Completed in 1407ms
484 http fetch GET 200 https://registry.npmjs.org/path-to-regexp/-/path-to-regexp-8.4.2.tgz 1234ms (cache miss)
485 timing reifyNode:node_modules/path-to-regexp Completed in 1408ms
486 http fetch GET 200 https://registry.npmjs.org/call-bound/-/call-bound-1.0.4.tgz 1309ms (cache miss)
487 timing reifyNode:node_modules/call-bound Completed in 1408ms
488 http fetch GET 200 https://registry.npmjs.org/finalhandler/-/finalhandler-2.1.1.tgz 1098ms (cache miss)
489 timing reifyNode:node_modules/finalhandler Completed in 1406ms
490 http fetch GET 200 https://registry.npmjs.org/call-bind-apply-helpers/-/call-bind-apply-helpers-1.0.2.tgz 1316ms (cache miss)
491 http fetch GET 200 https://registry.npmjs.org/side-channel/-/side-channel-1.1.0.tgz 1221ms (cache miss)
492 timing reifyNode:node_modules/side-channel Completed in 1418ms
493 timing reifyNode:node_modules/body-parser Completed in 1415ms
494 timing reifyNode:node_modules/es-object-atoms Completed in 1419ms
495 http fetch GET 200 https://registry.npmjs.org/get-intrinsic/-/get-intrinsic-1.3.0.tgz 1322ms (cache miss)
496 timing reifyNode:node_modules/get-intrinsic Completed in 1419ms
497 http fetch GET 200 https://registry.npmjs.org/es-errors/-/es-errors-1.3.0.tgz 1256ms (cache miss)
498 timing reifyNode:node_modules/call-bind-apply-helpers Completed in 1427ms
499 timing reifyNode:node_modules/es-errors Completed in 1428ms
500 http fetch GET 200 https://registry.npmjs.org/has-symbols/-/has-symbols-1.1.0.tgz 1355ms (cache miss)
501 http fetch GET 200 https://registry.npmjs.org/express/-/express-5.2.1.tgz 1050ms (cache miss)
502 timing reifyNode:node_modules/express Completed in 1431ms
503 timing reifyNode:node_modules/has-symbols Completed in 1437ms
504 http fetch GET 200 https://registry.npmjs.org/mime-db/-/mime-db-1.54.0.tgz 1207ms (cache miss)
505 timing reifyNode:node_modules/mime-db Completed in 1440ms
506 http fetch GET 200 https://registry.npmjs.org/math-intrinsics/-/math-intrinsics-1.1.0.tgz 1384ms (cache miss)
507 timing reifyNode:node_modules/math-intrinsics Completed in 1463ms
508 http fetch GET 200 https://registry.npmjs.org/qs/-/qs-6.15.2.tgz 1185ms (cache miss)
509 timing reifyNode:node_modules/qs Completed in 1476ms
510 http fetch GET 200 https://registry.npmjs.org/object-inspect/-/object-inspect-1.13.4.tgz 1372ms (cache miss)
511 timing reifyNode:node_modules/object-inspect Completed in 1480ms
512 http fetch GET 200 https://registry.npmjs.org/iconv-lite/-/iconv-lite-0.7.2.tgz 1233ms (cache miss)
513 timing reifyNode:node_modules/iconv-lite Completed in 1492ms
514 timing reify:unpack Completed in 1495ms
515 timing reify:unretire Completed in 2ms
516 timing build:queue Completed in 7ms
517 timing build:deps Completed in 7ms
518 timing build Completed in 9ms
519 timing reify:build Completed in 9ms
520 timing reify:trash Completed in 0ms
521 timing reify:save Completed in 33ms
522 timing reify Completed in 3210ms
523 silly ADD node_modules/media-typer
524 silly ADD node_modules/dunder-proto
525 silly ADD node_modules/math-intrinsics
526 silly ADD node_modules/hasown
527 silly ADD node_modules/has-symbols
528 silly ADD node_modules/gopd
529 silly ADD node_modules/get-proto
530 silly ADD node_modules/es-object-atoms
531 silly ADD node_modules/es-define-property
532 silly ADD node_modules/function-bind
533 silly ADD node_modules/call-bind-apply-helpers
534 silly ADD node_modules/get-intrinsic
535 silly ADD node_modules/call-bound
536 silly ADD node_modules/side-channel-weakmap
537 silly ADD node_modules/side-channel-map
538 silly ADD node_modules/side-channel-list
539 silly ADD node_modules/object-inspect
540 silly ADD node_modules/es-errors
541 silly ADD node_modules/path-to-regexp
542 silly ADD node_modules/is-promise
543 silly ADD node_modules/unpipe
544 silly ADD node_modules/side-channel
545 silly ADD node_modules/ipaddr.js
546 silly ADD node_modules/forwarded
547 silly ADD node_modules/wrappy
548 silly ADD node_modules/ee-first
549 silly ADD node_modules/mime-db
550 silly ADD node_modules/safer-buffer
551 silly ADD node_modules/toidentifier
552 silly ADD node_modules/setprototypeof
553 silly ADD node_modules/inherits
554 silly ADD node_modules/ms
555 silly ADD node_modules/raw-body
556 silly ADD node_modules/iconv-lite
557 silly ADD node_modules/bytes
558 silly ADD node_modules/negotiator
559 silly ADD node_modules/vary
560 silly ADD node_modules/type-is
561 silly ADD node_modules/type-is/node_modules/content-type
562 silly ADD node_modules/statuses
563 silly ADD node_modules/serve-static
564 silly ADD node_modules/send
565 silly ADD node_modules/router
566 silly ADD node_modules/range-parser
567 silly ADD node_modules/qs
568 silly ADD node_modules/proxy-addr
569 silly ADD node_modules/parseurl
570 silly ADD node_modules/once
571 silly ADD node_modules/on-finished
572 silly ADD node_modules/mime-types
573 silly ADD node_modules/merge-descriptors
574 silly ADD node_modules/http-errors
575 silly ADD node_modules/fresh
576 silly ADD node_modules/finalhandler
577 silly ADD node_modules/etag
578 silly ADD node_modules/escape-html
579 silly ADD node_modules/encodeurl
580 silly ADD node_modules/depd
581 silly ADD node_modules/debug
582 silly ADD node_modules/cookie-signature
583 silly ADD node_modules/cookie
584 silly ADD node_modules/content-type
585 silly ADD node_modules/content-disposition
586 silly ADD node_modules/body-parser
587 silly ADD node_modules/accepts
588 silly ADD node_modules/express
589 timing command:install Completed in 3244ms
590 verbose exit 0
591 timing npm Completed in 3470ms
592 info ok
